// Vitest Snapshot v1, https://vitest.dev/guide/snapshot.html

exports[`PkgDetail test > 组件渲染测试 1`] = `
"<div data-v-938b9439=\\"\\" class=\\"el-descriptions\\">
  <div class=\\"el-descriptions__header\\">
    <div class=\\"el-descriptions__title\\">依赖详情</div>
    <div class=\\"el-descriptions__extra\\"></div>
  </div>
  <div class=\\"el-descriptions__body\\">
    <table class=\\"el-descriptions__table is-bordered\\">
      <tbody>
        <tr>
          <td style=\\"min-width: 150px;\\" class=\\"el-descriptions__cell el-descriptions__label is-bordered-label\\" colspan=\\"1\\">包名</td>
          <td style=\\"min-width: 150px;\\" class=\\"el-descriptions__cell el-descriptions__content is-bordered-content\\" colspan=\\"0\\"><span data-v-938b9439=\\"\\" style=\\"word-break: break-all;\\">包名</span></td>
        </tr>
        <tr>
          <td class=\\"el-descriptions__cell el-descriptions__label is-bordered-label\\" colspan=\\"1\\">版本</td>
          <td class=\\"el-descriptions__cell el-descriptions__content is-bordered-content\\" colspan=\\"0\\">版本</td>
        </tr>
        <tr>
          <td class=\\"el-descriptions__cell el-descriptions__label is-bordered-label\\" colspan=\\"1\\">是否有循环依赖</td>
          <td class=\\"el-descriptions__cell el-descriptions__content is-bordered-content\\" colspan=\\"0\\">
            <transition-stub data-v-938b9439=\\"\\" name=\\"el-zoom-in-center\\" appear=\\"true\\" persisted=\\"false\\" css=\\"true\\"><span class=\\"el-tag el-tag--danger el-tag--light\\"><span class=\\"el-tag__content\\">是</span>
              <!--v-if--></span>
            </transition-stub>
          </td>
        </tr>
        <tr>
          <td class=\\"el-descriptions__cell el-descriptions__label is-bordered-label\\" colspan=\\"1\\">依赖下是否有多版本</td>
          <td class=\\"el-descriptions__cell el-descriptions__content is-bordered-content\\" colspan=\\"1\\">
            <transition-stub data-v-938b9439=\\"\\" name=\\"el-zoom-in-center\\" appear=\\"true\\" persisted=\\"false\\" css=\\"true\\"><span class=\\"el-tag el-tag--info el-tag--light\\"><span class=\\"el-tag__content\\">否</span>
              <!--v-if--></span>
            </transition-stub>
            <!--v-if-->
          </td>
        </tr>
      </tbody>
    </table>
  </div>
</div>
<div data-v-938b9439=\\"\\" style=\\"display: none;\\">
  <h4 data-v-938b9439=\\"\\" class=\\"desc-title\\">项目多版本依赖详情</h4>
  <div data-v-938b9439=\\"\\" class=\\"el-scrollbar\\">
    <div class=\\"el-scrollbar__wrap el-scrollbar__wrap--hidden-default\\" style=\\"max-height: 150px;\\">
      <div class=\\"el-scrollbar__view\\" style=\\"\\">
        <div data-v-938b9439=\\"\\" class=\\"el-descriptions\\">
          <!--v-if-->
          <div class=\\"el-descriptions__body\\">
            <table class=\\"el-descriptions__table is-bordered\\">
              <tbody>
                <tr>
                  <td class=\\"el-descriptions__cell el-descriptions__label is-bordered-label\\" colspan=\\"1\\">A</td>
                  <td class=\\"el-descriptions__cell el-descriptions__content is-bordered-content\\" colspan=\\"0\\">
                    <div data-v-938b9439=\\"\\" class=\\"links-box\\"><a data-v-938b9439=\\"\\" class=\\"el-link el-link--primary\\">
                        <!--v-if--><span class=\\"el-link__inner\\">1</span>
                        <!--v-if-->
                      </a><a data-v-938b9439=\\"\\" class=\\"el-link el-link--primary\\">
                        <!--v-if--><span class=\\"el-link__inner\\">2</span>
                        <!--v-if-->
                      </a><a data-v-938b9439=\\"\\" class=\\"el-link el-link--primary\\">
                        <!--v-if--><span class=\\"el-link__inner\\">3</span>
                        <!--v-if-->
                      </a></div>
                  </td>
                </tr>
                <tr>
                  <td class=\\"el-descriptions__cell el-descriptions__label is-bordered-label\\" colspan=\\"1\\">D</td>
                  <td class=\\"el-descriptions__cell el-descriptions__content is-bordered-content\\" colspan=\\"1\\">
                    <div data-v-938b9439=\\"\\" class=\\"links-box\\"><a data-v-938b9439=\\"\\" class=\\"el-link el-link--primary\\">
                        <!--v-if--><span class=\\"el-link__inner\\">4</span>
                        <!--v-if-->
                      </a><a data-v-938b9439=\\"\\" class=\\"el-link el-link--primary\\">
                        <!--v-if--><span class=\\"el-link__inner\\">5</span>
                        <!--v-if-->
                      </a><a data-v-938b9439=\\"\\" class=\\"el-link el-link--primary\\">
                        <!--v-if--><span class=\\"el-link__inner\\">6</span>
                        <!--v-if-->
                      </a></div>
                  </td>
                </tr>
              </tbody>
            </table>
          </div>
        </div>
      </div>
    </div>
    <transition-stub name=\\"el-scrollbar-fade\\" appear=\\"false\\" persisted=\\"true\\" css=\\"true\\">
      <div class=\\"el-scrollbar__bar is-horizontal\\" style=\\"display: none;\\">
        <div class=\\"el-scrollbar__thumb\\" style=\\"width: 0px; transform: translateX(0%);\\"></div>
      </div>
    </transition-stub>
    <transition-stub name=\\"el-scrollbar-fade\\" appear=\\"false\\" persisted=\\"true\\" css=\\"true\\">
      <div class=\\"el-scrollbar__bar is-vertical\\" style=\\"display: none;\\">
        <div class=\\"el-scrollbar__thumb\\" style=\\"height: 0px; transform: translateY(0%);\\"></div>
      </div>
    </transition-stub>
  </div>
</div>"
`;
